BEGIN GLOBAL SYM TABLE
 BEGIN GLOBAL SYM TABLE VARS
 END GLOBAL SYM TABLE VARS
 BEGIN GLOBAL SYM TABLE TYPES
  TYPE boolean
  TYPE integer
  TYPE float
 END GLOBAL SYM TABLE TYPES
END GLOBAL SYM TABLE
Syntax error at line 0, column 0 : EOF expected but INT_CONST found
