BEGIN SYM TABLE
 BEGIN SYM TABLE VARS
 END SYM TABLE VARS
 BEGIN SYM TABLE TYPES
  TYPE Boolean
  TYPE Integer
  TYPE Float
 END SYM TABLE TYPES
END SYM TABLE
