BEGIN GLOBAL SYM TABLE
 BEGIN GLOBAL SYM TABLE VARS
  PROCEDURE a
   BEGIN LOCAL SYM TABLE
    BEGIN LOCAL SYM TABLE VARS
     VAR a:integer
    END LOCAL SYM TABLE VARS
   END LOCAL SYM TABLE
   BEGIN STMT BLOCK
    BEGIN STMT ASSIGN
      a
     :=
      5
    END STMT ASSIGN
   END STMT BLOCK
  END PROCEDURE a
 END GLOBAL SYM TABLE VARS
 BEGIN GLOBAL SYM TABLE TYPES
  TYPE boolean
  TYPE integer
  TYPE float
 END GLOBAL SYM TABLE TYPES
END GLOBAL SYM TABLE
