Syntax error at line 5, column 13 : BEGIN expected but EOF found
