Syntax error at line 7, column 4 : BEGIN expected but EOF found
