Syntax error at line 4, column 6 : BEGIN expected but EOF found
