            EOF	            EOF               0               8               0        0,000000
