Error at line 0,column 7 : unexpected end of line while reading (* *) type comment
