     CHAR_CONST	              a               0               0               0        0,000000
      SEMICOLON	              ;               0               3               0        0,000000
             ID	           fasf               1               1               0        0,000000
            EOF	            EOF               1               5               0        0,000000
