   STRING_CONST	           abcd               0               0               0        0,000000
            DIV	              /               0               7               0        0,000000
             ID	            qwe               0               8               0        0,000000
            EOF	            EOF               0              11               0        0,000000
