    FLOAT_CONST	        3.15e+2               0               0               0      315,000000
            EOF	            EOF               0               7               0        0,000000
