            EOF	            EOF               0              26               0        0,000000
