            EOF	            EOF               0               0               0        0,000000
