             ID	              a               0               0               0        0,000000
        DBL_DOT	             ..               0               1               0        0,000000
             ID	              b               0               3               0        0,000000
            EOF	            EOF               0               4               0        0,000000
