    FLOAT_CONST	         3.9e-1               0               0               0        0,390000
            EOF	            EOF               0               6               0        0,000000
