             IF	             if               0               0               0        0,000000
           THEN	           then               0               3               0        0,000000
           THEN	           then               0               3               0        0,000000
           ELSE	           else               0               8               0        0,000000
            EOF	            EOF               0              12               0        0,000000
