Error at line 11, column 3 : boolean expected but integer found
