Error at line 2, column 3 : break must be called inside the loop
