Error at line 1, column 20 : couldn't find symbol sgasg
