Error at line 8, column 9 : Error: a isn't variable
