Error at line 5, column 21 : integer expected but boolean found
