Error at line 5, column 11 : boolean expected but float found
