Error at line 5, column 3 : break must be called inside the loop
