Error at line 2, column 3 : continue must be called inside the loop
