Syntax error at line 0, column 25 : RIGHT_PARENTH or COMMA expected but ID found
