Syntax error at line 0, column 13 : unexpected token type ID
