Error at line 7, column 22 : can't cast type float to type integer
