Error at line 6, column 13 : can't cast type float to type integer
