BEGIN SYMTABLE
 VAR
  NAME : a
  TYPE : char
 VAR
  NAME : b
  TYPE : char
 TYPE : boolean
 TYPE : char
 TYPE : integer
 TYPE : float
END SYMTABLE
BEGIN STMT BLOCK
 BEGIN STMT ASSIGN
   a
  :=
   a
 END STMT ASSIGN
 BEGIN STMT ASSIGN
   b
  :=
   b
 END STMT ASSIGN
 BEGIN STMT ASSIGN
   a
  :=
    a
   +
    b
 END STMT ASSIGN
END STMT BLOCK
