Error at line 5, column 19 : can't cast type float to type integer
