BEGIN SYMTABLE
 VAR
  NAME : a
  TYPE : integer
 VAR
  NAME : b
  TYPE : integer
 TYPE : boolean
 TYPE : char
 TYPE : integer
 TYPE : float
END SYMTABLE
BEGIN STMT BLOCK
 BEGIN STMT ASSIGN
   a
  :=
    a
   and
    b
 END STMT ASSIGN
END STMT BLOCK
