Syntax error at line 0, column 1 : unexpected token type INT_CONST
