Error at line 6, column 6 : array expected but integer found
