BEGIN SYMTABLE
 VAR
  NAME : a
  TYPE : integer
 TYPE : boolean
 TYPE : char
 TYPE : integer
 TYPE : float
END SYMTABLE
