BEGIN SYMTABLE
 VAR
  NAME : a
  TYPE : integer
 VAR
  NAME : b
  TYPE : integer
 TYPE : boolean
 TYPE : char
 TYPE : integer
 TYPE : float
END SYMTABLE
BEGIN STMT BLOCK
 BEGIN STMT IF-ELSE
  IF
    a
   <
    b
  THEN
   BEGIN STMT BLOCK
    BEGIN STMT ASSIGN
      a
     :=
      4
    END STMT ASSIGN
    BEGIN STMT ASSIGN
      a
     :=
      3
    END STMT ASSIGN
   END STMT BLOCK
 END STMT IF-ELSE
END STMT BLOCK
