Error at line 3, column 7 : couldn't find symbol ineger
