Syntax error at line 4, column 4 : BEGIN expected but EOF found
