Syntax error at line 9, column 0 : BEGIN expected but EOF found
