Error at line 4, column 21 : Illegal operand types of operation +
