BEGIN SYMTABLE
 VAR
  NAME : a
  TYPE : integer
 VAR
  NAME : b
  TYPE : integer
 TYPE : boolean
 VAR
  NAME : c
  TYPE : boolean
 TYPE : char
 TYPE : integer
 TYPE : float
END SYMTABLE
BEGIN STMT BLOCK
 BEGIN STMT ASSIGN
   c
  :=
    a
   <=
    b
 END STMT ASSIGN
 BEGIN STMT ASSIGN
   c
  :=
    a
   <
    b
 END STMT ASSIGN
 BEGIN STMT ASSIGN
   c
  :=
    a
   >
    b
 END STMT ASSIGN
 BEGIN STMT ASSIGN
   c
  :=
    a
   >=
    b
 END STMT ASSIGN
 BEGIN STMT ASSIGN
   c
  :=
    a
   =
    b
 END STMT ASSIGN
END STMT BLOCK
