Error at line 12, column 15 : can't cast type float to type integer
